******************************************************************************
                  TI ARM Linker Unix v18.1.4                   
******************************************************************************
>> Linked Sun Dec  9 18:33:23 2018

OUTPUT FILE NAME:   <ecen2440.out>
ENTRY POINT SYMBOL: "_c_int00_noargs"  address: 00000e9d


MEMORY CONFIGURATION

         name            origin    length      used     unused   attr    fill
----------------------  --------  ---------  --------  --------  ----  --------
  MAIN                  00000000   00040000  00000f3a  0003f0c6  R  X
  INFO                  00200000   00004000  00000000  00004000  R  X
  SRAM_CODE             01000000   00010000  00000220  0000fde0  RW X
  SRAM_DATA             20000000   00010000  00000220  0000fde0  RW  


SEGMENT ALLOCATION MAP

run origin  load origin   length   init length attrs members
----------  ----------- ---------- ----------- ----- -------
00000000    00000000    00000f40   00000f40    r-x
  00000000    00000000    000000e4   000000e4    r-- .intvecs
  000000e4    000000e4    00000e26   00000e26    r-x .text
  00000f10    00000f10    00000030   00000030    r-- .cinit
20000000    20000000    00000020   00000000    rw-
  20000000    20000000    00000018   00000000    rw- .bss
  20000018    20000018    00000008   00000000    rw- .data
2000fe00    2000fe00    00000200   00000000    rw-
  2000fe00    2000fe00    00000200   00000000    rw- .stack


SECTION ALLOCATION MAP

 output                                  attributes/
section   page    origin      length       input sections
--------  ----  ----------  ----------   ----------------
.intvecs   0    00000000    000000e4     
                  00000000    000000e4     startup_msp432p401r_ccs.obj (.intvecs:retain)

.text      0    000000e4    00000e26     
                  000000e4    000005c0     main.obj (.text)
                  000006a4    00000334     system_msp432p401r.obj (.text)
                  000009d8    0000032c     motors.obj (.text)
                  00000d04    0000009c     rtsv7M4_T_le_v4SPD16_eabi.lib : memcpy_t2.asm.obj (.text)
                  00000da0    00000068                                   : copy_decompress_lzss.c.obj (.text:decompress:lzss:__TI_decompress_lzss)
                  00000e08    00000050     timing.obj (.text)
                  00000e58    00000044     rtsv7M4_T_le_v4SPD16_eabi.lib : autoinit.c.obj (.text:__TI_auto_init_nobinit_nopinit:__TI_auto_init_nobinit_nopinit)
                  00000e9c    00000038                                   : boot_cortex_m.c.obj (.text:_c_int00_noargs:_c_int00_noargs)
                  00000ed4    00000012                                   : copy_zero_init.c.obj (.text:decompress:ZI:__TI_zero_init_nomemset:__TI_zero_init_nomemset)
                  00000ee6    0000000e                                   : copy_decompress_none.c.obj (.text:decompress:none:__TI_decompress_none)
                  00000ef4    0000000e     startup_msp432p401r_ccs.obj (.text)
                  00000f02    00000004     rtsv7M4_T_le_v4SPD16_eabi.lib : pre_init.c.obj (.text:_system_pre_init)
                  00000f06    00000004                                   : exit.c.obj (.text:abort:abort)

.cinit     0    00000f10    00000030     
                  00000f10    0000000c     (__TI_handler_table)
                  00000f1c    0000000b     (.cinit..data.load) [load image, compression = lzss]
                  00000f27    00000001     --HOLE-- [fill = 0]
                  00000f28    00000008     (.cinit..bss.load) [load image, compression = zero_init]
                  00000f30    00000010     (__TI_cinit_table)

.init_array 
*          0    00000000    00000000     UNINITIALIZED

.binit     0    00000000    00000000     

.bss       0    20000000    00000018     UNINITIALIZED
                  20000000    00000008     main.obj (.bss)
                  20000008    00000008     motors.obj (.bss)
                  20000010    00000004     (.common:left_power)
                  20000014    00000004     (.common:right_power)

.data      0    20000018    00000008     UNINITIALIZED
                  20000018    00000004     main.obj (.data)
                  2000001c    00000004     system_msp432p401r.obj (.data)

.stack     0    2000fe00    00000200     UNINITIALIZED
                  2000fe00    00000004     rtsv7M4_T_le_v4SPD16_eabi.lib : boot_cortex_m.c.obj (.stack)
                  2000fe04    000001fc     --HOLE--

MODULE SUMMARY

       Module                        code   ro data   rw data
       ------                        ----   -------   -------
    ./
       main.obj                      1472   0         40     
       motors.obj                    812    0         16     
       system_msp432p401r.obj        820    0         8      
       startup_msp432p401r_ccs.obj   14     228       0      
       timing.obj                    80     0         0      
    +--+-----------------------------+------+---------+---------+
       Total:                        3198   228       64     
                                                             
    /Applications/ti/ccsv8/tools/compiler/ti-cgt-arm_18.1.4.LTS/lib/rtsv7M4_T_le_v4SPD16_eabi.lib
       memcpy_t2.asm.obj             156    0         0      
       copy_decompress_lzss.c.obj    104    0         0      
       autoinit.c.obj                68     0         0      
       boot_cortex_m.c.obj           56     0         0      
       copy_zero_init.c.obj          18     0         0      
       copy_decompress_none.c.obj    14     0         0      
       exit.c.obj                    4      0         0      
       pre_init.c.obj                4      0         0      
    +--+-----------------------------+------+---------+---------+
       Total:                        424    0         0      
                                                             
       Stack:                        0      0         1024   
       Linker Generated:             0      47        0      
    +--+-----------------------------+------+---------+---------+
       Grand Total:                  3622   275       1088   


LINKER GENERATED COPY TABLES

__TI_cinit_table @ 00000f30 records: 2, size/record: 8, table size: 16
	.data: load addr=00000f1c, load size=0000000b bytes, run addr=20000018, run size=00000008 bytes, compression=lzss
	.bss: load addr=00000f28, load size=00000008 bytes, run addr=20000000, run size=00000018 bytes, compression=zero_init


LINKER GENERATED HANDLER TABLE

__TI_handler_table @ 00000f10 records: 3, size/record: 4, table size: 12
	index: 0, handler: __TI_decompress_lzss
	index: 1, handler: __TI_decompress_none
	index: 2, handler: __TI_zero_init


GLOBAL SYMBOLS: SORTED ALPHABETICALLY BY Name 

address   name                          
-------   ----                          
00000f01  ADC14_IRQHandler              
00000f01  AES256_IRQHandler             
00000f01  BusFault_Handler              
00000f07  C$$EXIT                       
00000f01  COMP_E0_IRQHandler            
00000f01  COMP_E1_IRQHandler            
00000f01  CS_IRQHandler                 
00000f01  DMA_ERR_IRQHandler            
00000f01  DMA_INT0_IRQHandler           
00000f01  DMA_INT1_IRQHandler           
00000f01  DMA_INT2_IRQHandler           
00000f01  DMA_INT3_IRQHandler           
00000f01  DebugMon_Handler              
00000f01  Default_Handler               
00000f01  EUSCIA0_IRQHandler            
00000f01  EUSCIA1_IRQHandler            
00000f01  EUSCIA2_IRQHandler            
00000f01  EUSCIA3_IRQHandler            
00000f01  EUSCIB0_IRQHandler            
00000f01  EUSCIB1_IRQHandler            
00000f01  EUSCIB2_IRQHandler            
00000f01  EUSCIB3_IRQHandler            
00000f01  FLCTL_IRQHandler              
00000f01  FPU_IRQHandler                
00000f01  HardFault_Handler             
00000f01  MemManage_Handler             
00000f01  NMI_Handler                   
00000f01  PCM_IRQHandler                
00000f01  PORT1_IRQHandler              
00000f01  PORT2_IRQHandler              
00000f01  PORT3_IRQHandler              
00000111  PORT4_IRQHandler              
00000111  PORT4_IRQHandler              
00000137  PORT5_IRQHandler              
00000137  PORT5_IRQHandler              
00000f01  PORT6_IRQHandler              
00000f01  PSS_IRQHandler                
00000f01  PendSV_Handler                
00000f01  RTC_C_IRQHandler              
00000ef5  Reset_Handler                 
00000f01  SVC_Handler                   
00000f01  SysTick_Handler               
2000001c  SystemCoreClock               
000006a5  SystemCoreClockUpdate         
0000091d  SystemInit                    
00000f01  T32_INT1_IRQHandler           
00000f01  T32_INT2_IRQHandler           
00000f01  T32_INTC_IRQHandler           
00000f01  TA0_0_IRQHandler              
00000f01  TA0_N_IRQHandler              
00000f01  TA1_0_IRQHandler              
00000f01  TA1_N_IRQHandler              
00000f01  TA2_0_IRQHandler              
00000f01  TA2_N_IRQHandler              
00000f01  TA3_0_IRQHandler              
00000f01  TA3_N_IRQHandler              
00000f01  UsageFault_Handler            
4000480c  WDTCTL_SYM                    
00000f01  WDT_A_IRQHandler              
20010000  __STACK_END                   
00000200  __STACK_SIZE                  
00000f30  __TI_CINIT_Base               
00000f40  __TI_CINIT_Limit              
00000f10  __TI_Handler_Table_Base       
00000f1c  __TI_Handler_Table_Limit      
00000e59  __TI_auto_init_nobinit_nopinit
00000da1  __TI_decompress_lzss          
00000ee7  __TI_decompress_none          
ffffffff  __TI_pprof_out_hndl           
ffffffff  __TI_prof_data_size           
ffffffff  __TI_prof_data_start          
00000000  __TI_static_base__            
00000ed5  __TI_zero_init_nomemset       
00000d05  __aeabi_memcpy                
00000d05  __aeabi_memcpy4               
00000d05  __aeabi_memcpy8               
ffffffff  __binit__                     
ffffffff  __c_args__                    
UNDEFED   __mpu_init                    
2000fe00  __stack                       
00000e9d  _c_int00_noargs               
UNDEFED   _system_post_cinit            
00000f03  _system_pre_init              
00000f07  abort                         
ffffffff  binit                         
00000000  interruptVectors              
20000010  left_power                    
0000018d  main                          
00000d05  memcpy                        
20000014  right_power                   
00000c65  setBackwards                  
00000c71  setBackwards_1                
00000c81  setBackwards_2                
00000b1b  setBothPower                  
00000b3d  setBothPower_1                
00000abd  setBothSpeed                  
00000acf  setBothSpeed_1                
00000c35  setForwards                   
00000c41  setForwards_1                 
00000c51  setForwards_2                 
00000bff  setLeftBackwards              
00000c07  setLeftBackwards_1            
00000b95  setLeftClockwise              
00000ba1  setLeftClockwise_1            
00000bab  setLeftCounterclockwise       
00000bb7  setLeftCounterclockwise_1     
00000bed  setLeftForwards               
00000bf5  setLeftForwards_1             
00000ae3  setLeftPower                  
00000a99  setLeftSpeed                  
00000c23  setRightBackwards             
00000c2b  setRightBackwards_1           
00000bc1  setRightClockwise             
00000bcd  setRightClockwise_1           
00000bd7  setRightCounterclockwise      
00000be3  setRightCounterclockwise_1    
00000c11  setRightForwards              
00000c19  setRightForwards_1            
00000aff  setRightPower                 
00000aab  setRightSpeed                 
00000c8d  setRotateLeft                 
00000c99  setRotateRight                
000009d9  setup_encoders                
00000a11  setup_motors                  
00000b89  stopBoth                      
00000b75  stopLeft                      
00000b7f  stopRight                     
00000e09  systick_initialize            
00000e25  systick_wait                  


GLOBAL SYMBOLS: SORTED BY Symbol Address 

address   name                          
-------   ----                          
00000000  __TI_static_base__            
00000000  interruptVectors              
00000111  PORT4_IRQHandler              
00000111  PORT4_IRQHandler              
00000137  PORT5_IRQHandler              
00000137  PORT5_IRQHandler              
0000018d  main                          
00000200  __STACK_SIZE                  
000006a5  SystemCoreClockUpdate         
0000091d  SystemInit                    
000009d9  setup_encoders                
00000a11  setup_motors                  
00000a99  setLeftSpeed                  
00000aab  setRightSpeed                 
00000abd  setBothSpeed                  
00000acf  setBothSpeed_1                
00000ae3  setLeftPower                  
00000aff  setRightPower                 
00000b1b  setBothPower                  
00000b3d  setBothPower_1                
00000b75  stopLeft                      
00000b7f  stopRight                     
00000b89  stopBoth                      
00000b95  setLeftClockwise              
00000ba1  setLeftClockwise_1            
00000bab  setLeftCounterclockwise       
00000bb7  setLeftCounterclockwise_1     
00000bc1  setRightClockwise             
00000bcd  setRightClockwise_1           
00000bd7  setRightCounterclockwise      
00000be3  setRightCounterclockwise_1    
00000bed  setLeftForwards               
00000bf5  setLeftForwards_1             
00000bff  setLeftBackwards              
00000c07  setLeftBackwards_1            
00000c11  setRightForwards              
00000c19  setRightForwards_1            
00000c23  setRightBackwards             
00000c2b  setRightBackwards_1           
00000c35  setForwards                   
00000c41  setForwards_1                 
00000c51  setForwards_2                 
00000c65  setBackwards                  
00000c71  setBackwards_1                
00000c81  setBackwards_2                
00000c8d  setRotateLeft                 
00000c99  setRotateRight                
00000d05  __aeabi_memcpy                
00000d05  __aeabi_memcpy4               
00000d05  __aeabi_memcpy8               
00000d05  memcpy                        
00000da1  __TI_decompress_lzss          
00000e09  systick_initialize            
00000e25  systick_wait                  
00000e59  __TI_auto_init_nobinit_nopinit
00000e9d  _c_int00_noargs               
00000ed5  __TI_zero_init_nomemset       
00000ee7  __TI_decompress_none          
00000ef5  Reset_Handler                 
00000f01  ADC14_IRQHandler              
00000f01  AES256_IRQHandler             
00000f01  BusFault_Handler              
00000f01  COMP_E0_IRQHandler            
00000f01  COMP_E1_IRQHandler            
00000f01  CS_IRQHandler                 
00000f01  DMA_ERR_IRQHandler            
00000f01  DMA_INT0_IRQHandler           
00000f01  DMA_INT1_IRQHandler           
00000f01  DMA_INT2_IRQHandler           
00000f01  DMA_INT3_IRQHandler           
00000f01  DebugMon_Handler              
00000f01  Default_Handler               
00000f01  EUSCIA0_IRQHandler            
00000f01  EUSCIA1_IRQHandler            
00000f01  EUSCIA2_IRQHandler            
00000f01  EUSCIA3_IRQHandler            
00000f01  EUSCIB0_IRQHandler            
00000f01  EUSCIB1_IRQHandler            
00000f01  EUSCIB2_IRQHandler            
00000f01  EUSCIB3_IRQHandler            
00000f01  FLCTL_IRQHandler              
00000f01  FPU_IRQHandler                
00000f01  HardFault_Handler             
00000f01  MemManage_Handler             
00000f01  NMI_Handler                   
00000f01  PCM_IRQHandler                
00000f01  PORT1_IRQHandler              
00000f01  PORT2_IRQHandler              
00000f01  PORT3_IRQHandler              
00000f01  PORT6_IRQHandler              
00000f01  PSS_IRQHandler                
00000f01  PendSV_Handler                
00000f01  RTC_C_IRQHandler              
00000f01  SVC_Handler                   
00000f01  SysTick_Handler               
00000f01  T32_INT1_IRQHandler           
00000f01  T32_INT2_IRQHandler           
00000f01  T32_INTC_IRQHandler           
00000f01  TA0_0_IRQHandler              
00000f01  TA0_N_IRQHandler              
00000f01  TA1_0_IRQHandler              
00000f01  TA1_N_IRQHandler              
00000f01  TA2_0_IRQHandler              
00000f01  TA2_N_IRQHandler              
00000f01  TA3_0_IRQHandler              
00000f01  TA3_N_IRQHandler              
00000f01  UsageFault_Handler            
00000f01  WDT_A_IRQHandler              
00000f03  _system_pre_init              
00000f07  C$$EXIT                       
00000f07  abort                         
00000f10  __TI_Handler_Table_Base       
00000f1c  __TI_Handler_Table_Limit      
00000f30  __TI_CINIT_Base               
00000f40  __TI_CINIT_Limit              
20000010  left_power                    
20000014  right_power                   
2000001c  SystemCoreClock               
2000fe00  __stack                       
20010000  __STACK_END                   
4000480c  WDTCTL_SYM                    
ffffffff  __TI_pprof_out_hndl           
ffffffff  __TI_prof_data_size           
ffffffff  __TI_prof_data_start          
ffffffff  __binit__                     
ffffffff  __c_args__                    
ffffffff  binit                         
UNDEFED   __mpu_init                    
UNDEFED   _system_post_cinit            

[129 symbols]
