******************************************************************************
                  TI ARM Linker Unix v18.1.4                   
******************************************************************************
>> Linked Sun Dec  9 17:55:18 2018

OUTPUT FILE NAME:   <ecen2440.out>
ENTRY POINT SYMBOL: "_c_int00_noargs"  address: 00000c25


MEMORY CONFIGURATION

         name            origin    length      used     unused   attr    fill
----------------------  --------  ---------  --------  --------  ----  --------
  MAIN                  00000000   00040000  00000cc2  0003f33e  R  X
  INFO                  00200000   00004000  00000000  00004000  R  X
  SRAM_CODE             01000000   00010000  00000220  0000fde0  RW X
  SRAM_DATA             20000000   00010000  00000220  0000fde0  RW  


SEGMENT ALLOCATION MAP

run origin  load origin   length   init length attrs members
----------  ----------- ---------- ----------- ----- -------
00000000    00000000    00000cc8   00000cc8    r-x
  00000000    00000000    000000e4   000000e4    r-- .intvecs
  000000e4    000000e4    00000bae   00000bae    r-x .text
  00000c98    00000c98    00000030   00000030    r-- .cinit
20000000    20000000    00000020   00000000    rw-
  20000000    20000000    00000018   00000000    rw- .bss
  20000018    20000018    00000008   00000000    rw- .data
2000fe00    2000fe00    00000200   00000000    rw-
  2000fe00    2000fe00    00000200   00000000    rw- .stack


SECTION ALLOCATION MAP

 output                                  attributes/
section   page    origin      length       input sections
--------  ----  ----------  ----------   ----------------
.intvecs   0    00000000    000000e4     
                  00000000    000000e4     startup_msp432p401r_ccs.obj (.intvecs:retain)

.text      0    000000e4    00000bae     
                  000000e4    00000354     main.obj (.text)
                  00000438    00000334     system_msp432p401r.obj (.text)
                  0000076c    00000320     motors.obj (.text)
                  00000a8c    0000009c     rtsv7M4_T_le_v4SPD16_eabi.lib : memcpy_t2.asm.obj (.text)
                  00000b28    00000068                                   : copy_decompress_lzss.c.obj (.text:decompress:lzss:__TI_decompress_lzss)
                  00000b90    00000050     timing.obj (.text)
                  00000be0    00000044     rtsv7M4_T_le_v4SPD16_eabi.lib : autoinit.c.obj (.text:__TI_auto_init_nobinit_nopinit:__TI_auto_init_nobinit_nopinit)
                  00000c24    00000038                                   : boot_cortex_m.c.obj (.text:_c_int00_noargs:_c_int00_noargs)
                  00000c5c    00000012                                   : copy_zero_init.c.obj (.text:decompress:ZI:__TI_zero_init_nomemset:__TI_zero_init_nomemset)
                  00000c6e    0000000e                                   : copy_decompress_none.c.obj (.text:decompress:none:__TI_decompress_none)
                  00000c7c    0000000e     startup_msp432p401r_ccs.obj (.text)
                  00000c8a    00000004     rtsv7M4_T_le_v4SPD16_eabi.lib : pre_init.c.obj (.text:_system_pre_init)
                  00000c8e    00000004                                   : exit.c.obj (.text:abort:abort)

.cinit     0    00000c98    00000030     
                  00000c98    0000000c     (__TI_handler_table)
                  00000ca4    0000000b     (.cinit..data.load) [load image, compression = lzss]
                  00000caf    00000001     --HOLE-- [fill = 0]
                  00000cb0    00000008     (.cinit..bss.load) [load image, compression = zero_init]
                  00000cb8    00000010     (__TI_cinit_table)

.init_array 
*          0    00000000    00000000     UNINITIALIZED

.binit     0    00000000    00000000     

.bss       0    20000000    00000018     UNINITIALIZED
                  20000000    00000008     main.obj (.bss)
                  20000008    00000008     motors.obj (.bss)
                  20000010    00000004     (.common:left_power)
                  20000014    00000004     (.common:right_power)

.data      0    20000018    00000008     UNINITIALIZED
                  20000018    00000004     main.obj (.data)
                  2000001c    00000004     system_msp432p401r.obj (.data)

.stack     0    2000fe00    00000200     UNINITIALIZED
                  2000fe00    00000004     rtsv7M4_T_le_v4SPD16_eabi.lib : boot_cortex_m.c.obj (.stack)
                  2000fe04    000001fc     --HOLE--

MODULE SUMMARY

       Module                        code   ro data   rw data
       ------                        ----   -------   -------
    ./
       main.obj                      852    0         40     
       system_msp432p401r.obj        820    0         8      
       motors.obj                    800    0         16     
       startup_msp432p401r_ccs.obj   14     228       0      
       timing.obj                    80     0         0      
    +--+-----------------------------+------+---------+---------+
       Total:                        2566   228       64     
                                                             
    /Applications/ti/ccsv8/tools/compiler/ti-cgt-arm_18.1.4.LTS/lib/rtsv7M4_T_le_v4SPD16_eabi.lib
       memcpy_t2.asm.obj             156    0         0      
       copy_decompress_lzss.c.obj    104    0         0      
       autoinit.c.obj                68     0         0      
       boot_cortex_m.c.obj           56     0         0      
       copy_zero_init.c.obj          18     0         0      
       copy_decompress_none.c.obj    14     0         0      
       exit.c.obj                    4      0         0      
       pre_init.c.obj                4      0         0      
    +--+-----------------------------+------+---------+---------+
       Total:                        424    0         0      
                                                             
       Stack:                        0      0         1024   
       Linker Generated:             0      47        0      
    +--+-----------------------------+------+---------+---------+
       Grand Total:                  2990   275       1088   


LINKER GENERATED COPY TABLES

__TI_cinit_table @ 00000cb8 records: 2, size/record: 8, table size: 16
	.data: load addr=00000ca4, load size=0000000b bytes, run addr=20000018, run size=00000008 bytes, compression=lzss
	.bss: load addr=00000cb0, load size=00000008 bytes, run addr=20000000, run size=00000018 bytes, compression=zero_init


LINKER GENERATED HANDLER TABLE

__TI_handler_table @ 00000c98 records: 3, size/record: 4, table size: 12
	index: 0, handler: __TI_decompress_lzss
	index: 1, handler: __TI_decompress_none
	index: 2, handler: __TI_zero_init


GLOBAL SYMBOLS: SORTED ALPHABETICALLY BY Name 

address   name                          
-------   ----                          
00000c89  ADC14_IRQHandler              
00000c89  AES256_IRQHandler             
00000c89  BusFault_Handler              
00000c8f  C$$EXIT                       
00000c89  COMP_E0_IRQHandler            
00000c89  COMP_E1_IRQHandler            
00000c89  CS_IRQHandler                 
00000c89  DMA_ERR_IRQHandler            
00000c89  DMA_INT0_IRQHandler           
00000c89  DMA_INT1_IRQHandler           
00000c89  DMA_INT2_IRQHandler           
00000c89  DMA_INT3_IRQHandler           
00000c89  DebugMon_Handler              
00000c89  Default_Handler               
00000c89  EUSCIA0_IRQHandler            
00000c89  EUSCIA1_IRQHandler            
00000c89  EUSCIA2_IRQHandler            
00000c89  EUSCIA3_IRQHandler            
00000c89  EUSCIB0_IRQHandler            
00000c89  EUSCIB1_IRQHandler            
00000c89  EUSCIB2_IRQHandler            
00000c89  EUSCIB3_IRQHandler            
00000c89  FLCTL_IRQHandler              
00000c89  FPU_IRQHandler                
00000c89  HardFault_Handler             
00000c89  MemManage_Handler             
00000c89  NMI_Handler                   
00000c89  PCM_IRQHandler                
00000c89  PORT1_IRQHandler              
00000c89  PORT2_IRQHandler              
00000c89  PORT3_IRQHandler              
00000111  PORT4_IRQHandler              
00000111  PORT4_IRQHandler              
000001c9  PORT5_IRQHandler              
000001c9  PORT5_IRQHandler              
00000c89  PORT6_IRQHandler              
00000c89  PSS_IRQHandler                
00000c89  PendSV_Handler                
00000c89  RTC_C_IRQHandler              
00000c7d  Reset_Handler                 
00000c89  SVC_Handler                   
00000c89  SysTick_Handler               
2000001c  SystemCoreClock               
00000439  SystemCoreClockUpdate         
000006b1  SystemInit                    
00000c89  T32_INT1_IRQHandler           
00000c89  T32_INT2_IRQHandler           
00000c89  T32_INTC_IRQHandler           
00000c89  TA0_0_IRQHandler              
00000c89  TA0_N_IRQHandler              
00000c89  TA1_0_IRQHandler              
00000c89  TA1_N_IRQHandler              
00000c89  TA2_0_IRQHandler              
00000c89  TA2_N_IRQHandler              
00000c89  TA3_0_IRQHandler              
00000c89  TA3_N_IRQHandler              
00000c89  UsageFault_Handler            
4000480c  WDTCTL_SYM                    
00000c89  WDT_A_IRQHandler              
20010000  __STACK_END                   
00000200  __STACK_SIZE                  
00000cb8  __TI_CINIT_Base               
00000cc8  __TI_CINIT_Limit              
00000c98  __TI_Handler_Table_Base       
00000ca4  __TI_Handler_Table_Limit      
00000be1  __TI_auto_init_nobinit_nopinit
00000b29  __TI_decompress_lzss          
00000c6f  __TI_decompress_none          
ffffffff  __TI_pprof_out_hndl           
ffffffff  __TI_prof_data_size           
ffffffff  __TI_prof_data_start          
00000000  __TI_static_base__            
00000c5d  __TI_zero_init_nomemset       
00000a8d  __aeabi_memcpy                
00000a8d  __aeabi_memcpy4               
00000a8d  __aeabi_memcpy8               
ffffffff  __binit__                     
ffffffff  __c_args__                    
UNDEFED   __mpu_init                    
2000fe00  __stack                       
00000c25  _c_int00_noargs               
UNDEFED   _system_post_cinit            
00000c8b  _system_pre_init              
00000c8f  abort                         
ffffffff  binit                         
00000000  interruptVectors              
20000010  left_power                    
00000213  main                          
00000a8d  memcpy                        
20000014  right_power                   
000009eb  setBackwards                  
000009f7  setBackwards_1                
00000a07  setBackwards_2                
000008af  setBothPower                  
000008d1  setBothPower_1                
00000851  setBothSpeed                  
00000863  setBothSpeed_1                
000009c9  setForwards                   
000009d5  setForwards_1                 
000009df  setForwards_2                 
00000993  setLeftBackwards              
0000099b  setLeftBackwards_1            
00000929  setLeftClockwise              
00000935  setLeftClockwise_1            
0000093f  setLeftCounterclockwise       
0000094b  setLeftCounterclockwise_1     
00000981  setLeftForwards               
00000989  setLeftForwards_1             
00000877  setLeftPower                  
0000082d  setLeftSpeed                  
000009b7  setRightBackwards             
000009bf  setRightBackwards_1           
00000955  setRightClockwise             
00000961  setRightClockwise_1           
0000096b  setRightCounterclockwise      
00000977  setRightCounterclockwise_1    
000009a5  setRightForwards              
000009ad  setRightForwards_1            
00000893  setRightPower                 
0000083f  setRightSpeed                 
00000a13  setRotateLeft                 
00000a1f  setRotateRight                
0000076d  setup_encoders                
000007a5  setup_motors                  
0000091d  stopBoth                      
00000909  stopLeft                      
00000913  stopRight                     
00000b91  systick_initialize            
00000bad  systick_wait                  


GLOBAL SYMBOLS: SORTED BY Symbol Address 

address   name                          
-------   ----                          
00000000  __TI_static_base__            
00000000  interruptVectors              
00000111  PORT4_IRQHandler              
00000111  PORT4_IRQHandler              
000001c9  PORT5_IRQHandler              
000001c9  PORT5_IRQHandler              
00000200  __STACK_SIZE                  
00000213  main                          
00000439  SystemCoreClockUpdate         
000006b1  SystemInit                    
0000076d  setup_encoders                
000007a5  setup_motors                  
0000082d  setLeftSpeed                  
0000083f  setRightSpeed                 
00000851  setBothSpeed                  
00000863  setBothSpeed_1                
00000877  setLeftPower                  
00000893  setRightPower                 
000008af  setBothPower                  
000008d1  setBothPower_1                
00000909  stopLeft                      
00000913  stopRight                     
0000091d  stopBoth                      
00000929  setLeftClockwise              
00000935  setLeftClockwise_1            
0000093f  setLeftCounterclockwise       
0000094b  setLeftCounterclockwise_1     
00000955  setRightClockwise             
00000961  setRightClockwise_1           
0000096b  setRightCounterclockwise      
00000977  setRightCounterclockwise_1    
00000981  setLeftForwards               
00000989  setLeftForwards_1             
00000993  setLeftBackwards              
0000099b  setLeftBackwards_1            
000009a5  setRightForwards              
000009ad  setRightForwards_1            
000009b7  setRightBackwards             
000009bf  setRightBackwards_1           
000009c9  setForwards                   
000009d5  setForwards_1                 
000009df  setForwards_2                 
000009eb  setBackwards                  
000009f7  setBackwards_1                
00000a07  setBackwards_2                
00000a13  setRotateLeft                 
00000a1f  setRotateRight                
00000a8d  __aeabi_memcpy                
00000a8d  __aeabi_memcpy4               
00000a8d  __aeabi_memcpy8               
00000a8d  memcpy                        
00000b29  __TI_decompress_lzss          
00000b91  systick_initialize            
00000bad  systick_wait                  
00000be1  __TI_auto_init_nobinit_nopinit
00000c25  _c_int00_noargs               
00000c5d  __TI_zero_init_nomemset       
00000c6f  __TI_decompress_none          
00000c7d  Reset_Handler                 
00000c89  ADC14_IRQHandler              
00000c89  AES256_IRQHandler             
00000c89  BusFault_Handler              
00000c89  COMP_E0_IRQHandler            
00000c89  COMP_E1_IRQHandler            
00000c89  CS_IRQHandler                 
00000c89  DMA_ERR_IRQHandler            
00000c89  DMA_INT0_IRQHandler           
00000c89  DMA_INT1_IRQHandler           
00000c89  DMA_INT2_IRQHandler           
00000c89  DMA_INT3_IRQHandler           
00000c89  DebugMon_Handler              
00000c89  Default_Handler               
00000c89  EUSCIA0_IRQHandler            
00000c89  EUSCIA1_IRQHandler            
00000c89  EUSCIA2_IRQHandler            
00000c89  EUSCIA3_IRQHandler            
00000c89  EUSCIB0_IRQHandler            
00000c89  EUSCIB1_IRQHandler            
00000c89  EUSCIB2_IRQHandler            
00000c89  EUSCIB3_IRQHandler            
00000c89  FLCTL_IRQHandler              
00000c89  FPU_IRQHandler                
00000c89  HardFault_Handler             
00000c89  MemManage_Handler             
00000c89  NMI_Handler                   
00000c89  PCM_IRQHandler                
00000c89  PORT1_IRQHandler              
00000c89  PORT2_IRQHandler              
00000c89  PORT3_IRQHandler              
00000c89  PORT6_IRQHandler              
00000c89  PSS_IRQHandler                
00000c89  PendSV_Handler                
00000c89  RTC_C_IRQHandler              
00000c89  SVC_Handler                   
00000c89  SysTick_Handler               
00000c89  T32_INT1_IRQHandler           
00000c89  T32_INT2_IRQHandler           
00000c89  T32_INTC_IRQHandler           
00000c89  TA0_0_IRQHandler              
00000c89  TA0_N_IRQHandler              
00000c89  TA1_0_IRQHandler              
00000c89  TA1_N_IRQHandler              
00000c89  TA2_0_IRQHandler              
00000c89  TA2_N_IRQHandler              
00000c89  TA3_0_IRQHandler              
00000c89  TA3_N_IRQHandler              
00000c89  UsageFault_Handler            
00000c89  WDT_A_IRQHandler              
00000c8b  _system_pre_init              
00000c8f  C$$EXIT                       
00000c8f  abort                         
00000c98  __TI_Handler_Table_Base       
00000ca4  __TI_Handler_Table_Limit      
00000cb8  __TI_CINIT_Base               
00000cc8  __TI_CINIT_Limit              
20000010  left_power                    
20000014  right_power                   
2000001c  SystemCoreClock               
2000fe00  __stack                       
20010000  __STACK_END                   
4000480c  WDTCTL_SYM                    
ffffffff  __TI_pprof_out_hndl           
ffffffff  __TI_prof_data_size           
ffffffff  __TI_prof_data_start          
ffffffff  __binit__                     
ffffffff  __c_args__                    
ffffffff  binit                         
UNDEFED   __mpu_init                    
UNDEFED   _system_post_cinit            

[129 symbols]
