******************************************************************************
                  TI ARM Linker Unix v18.1.4                   
******************************************************************************
>> Linked Sun Dec  9 19:42:06 2018

OUTPUT FILE NAME:   <ecen2440.out>
ENTRY POINT SYMBOL: "_c_int00_noargs"  address: 00000d29


MEMORY CONFIGURATION

         name            origin    length      used     unused   attr    fill
----------------------  --------  ---------  --------  --------  ----  --------
  MAIN                  00000000   00040000  00000dc6  0003f23a  R  X
  INFO                  00200000   00004000  00000000  00004000  R  X
  SRAM_CODE             01000000   00010000  00000220  0000fde0  RW X
  SRAM_DATA             20000000   00010000  00000220  0000fde0  RW  


SEGMENT ALLOCATION MAP

run origin  load origin   length   init length attrs members
----------  ----------- ---------- ----------- ----- -------
00000000    00000000    00000dc8   00000dc8    r-x
  00000000    00000000    000000e4   000000e4    r-- .intvecs
  000000e4    000000e4    00000cb2   00000cb2    r-x .text
  00000d98    00000d98    00000030   00000030    r-- .cinit
20000000    20000000    00000020   00000000    rw-
  20000000    20000000    00000018   00000000    rw- .bss
  20000018    20000018    00000008   00000000    rw- .data
2000fe00    2000fe00    00000200   00000000    rw-
  2000fe00    2000fe00    00000200   00000000    rw- .stack


SECTION ALLOCATION MAP

 output                                  attributes/
section   page    origin      length       input sections
--------  ----  ----------  ----------   ----------------
.intvecs   0    00000000    000000e4     
                  00000000    000000e4     startup_msp432p401r_ccs.obj (.intvecs:retain)

.text      0    000000e4    00000cb2     
                  000000e4    000003f8     main.obj (.text)
                  000004dc    00000334     system_msp432p401r.obj (.text)
                  00000810    0000032c     motors.obj (.text)
                  00000b3c    0000009c     rtsv7M4_T_le_v4SPD16_eabi.lib : memcpy_t2.asm.obj (.text)
                  00000bd8    00000068                                   : copy_decompress_lzss.c.obj (.text:decompress:lzss:__TI_decompress_lzss)
                  00000c40    00000054     bumps.obj (.text)
                  00000c94    00000050     timing.obj (.text)
                  00000ce4    00000044     rtsv7M4_T_le_v4SPD16_eabi.lib : autoinit.c.obj (.text:__TI_auto_init_nobinit_nopinit:__TI_auto_init_nobinit_nopinit)
                  00000d28    00000038                                   : boot_cortex_m.c.obj (.text:_c_int00_noargs:_c_int00_noargs)
                  00000d60    00000012                                   : copy_zero_init.c.obj (.text:decompress:ZI:__TI_zero_init_nomemset:__TI_zero_init_nomemset)
                  00000d72    0000000e                                   : copy_decompress_none.c.obj (.text:decompress:none:__TI_decompress_none)
                  00000d80    0000000e     startup_msp432p401r_ccs.obj (.text)
                  00000d8e    00000004     rtsv7M4_T_le_v4SPD16_eabi.lib : pre_init.c.obj (.text:_system_pre_init)
                  00000d92    00000004                                   : exit.c.obj (.text:abort:abort)

.cinit     0    00000d98    00000030     
                  00000d98    0000000c     (__TI_handler_table)
                  00000da4    0000000b     (.cinit..data.load) [load image, compression = lzss]
                  00000daf    00000001     --HOLE-- [fill = 0]
                  00000db0    00000008     (.cinit..bss.load) [load image, compression = zero_init]
                  00000db8    00000010     (__TI_cinit_table)

.init_array 
*          0    00000000    00000000     UNINITIALIZED

.binit     0    00000000    00000000     

.bss       0    20000000    00000018     UNINITIALIZED
                  20000000    00000008     main.obj (.bss)
                  20000008    00000008     motors.obj (.bss)
                  20000010    00000004     (.common:left_power)
                  20000014    00000004     (.common:right_power)

.data      0    20000018    00000008     UNINITIALIZED
                  20000018    00000004     main.obj (.data)
                  2000001c    00000004     system_msp432p401r.obj (.data)

.stack     0    2000fe00    00000200     UNINITIALIZED
                  2000fe00    00000004     rtsv7M4_T_le_v4SPD16_eabi.lib : boot_cortex_m.c.obj (.stack)
                  2000fe04    000001fc     --HOLE--

MODULE SUMMARY

       Module                        code   ro data   rw data
       ------                        ----   -------   -------
    ./
       main.obj                      1016   0         40     
       motors.obj                    812    0         16     
       system_msp432p401r.obj        820    0         8      
       startup_msp432p401r_ccs.obj   14     228       0      
       bumps.obj                     84     0         0      
       timing.obj                    80     0         0      
    +--+-----------------------------+------+---------+---------+
       Total:                        2826   228       64     
                                                             
    /Applications/ti/ccsv8/tools/compiler/ti-cgt-arm_18.1.4.LTS/lib/rtsv7M4_T_le_v4SPD16_eabi.lib
       memcpy_t2.asm.obj             156    0         0      
       copy_decompress_lzss.c.obj    104    0         0      
       autoinit.c.obj                68     0         0      
       boot_cortex_m.c.obj           56     0         0      
       copy_zero_init.c.obj          18     0         0      
       copy_decompress_none.c.obj    14     0         0      
       exit.c.obj                    4      0         0      
       pre_init.c.obj                4      0         0      
    +--+-----------------------------+------+---------+---------+
       Total:                        424    0         0      
                                                             
       Stack:                        0      0         1024   
       Linker Generated:             0      47        0      
    +--+-----------------------------+------+---------+---------+
       Grand Total:                  3250   275       1088   


LINKER GENERATED COPY TABLES

__TI_cinit_table @ 00000db8 records: 2, size/record: 8, table size: 16
	.data: load addr=00000da4, load size=0000000b bytes, run addr=20000018, run size=00000008 bytes, compression=lzss
	.bss: load addr=00000db0, load size=00000008 bytes, run addr=20000000, run size=00000018 bytes, compression=zero_init


LINKER GENERATED HANDLER TABLE

__TI_handler_table @ 00000d98 records: 3, size/record: 4, table size: 12
	index: 0, handler: __TI_decompress_lzss
	index: 1, handler: __TI_decompress_none
	index: 2, handler: __TI_zero_init


GLOBAL SYMBOLS: SORTED ALPHABETICALLY BY Name 

address   name                          
-------   ----                          
00000d8d  ADC14_IRQHandler              
00000d8d  AES256_IRQHandler             
00000d8d  BusFault_Handler              
00000d93  C$$EXIT                       
00000d8d  COMP_E0_IRQHandler            
00000d8d  COMP_E1_IRQHandler            
00000d8d  CS_IRQHandler                 
00000d8d  DMA_ERR_IRQHandler            
00000d8d  DMA_INT0_IRQHandler           
00000d8d  DMA_INT1_IRQHandler           
00000d8d  DMA_INT2_IRQHandler           
00000d8d  DMA_INT3_IRQHandler           
00000d8d  DebugMon_Handler              
00000d8d  Default_Handler               
00000d8d  EUSCIA0_IRQHandler            
00000d8d  EUSCIA1_IRQHandler            
00000d8d  EUSCIA2_IRQHandler            
00000d8d  EUSCIA3_IRQHandler            
00000d8d  EUSCIB0_IRQHandler            
00000d8d  EUSCIB1_IRQHandler            
00000d8d  EUSCIB2_IRQHandler            
00000d8d  EUSCIB3_IRQHandler            
00000d8d  FLCTL_IRQHandler              
00000d8d  FPU_IRQHandler                
00000d8d  HardFault_Handler             
00000d8d  MemManage_Handler             
00000d8d  NMI_Handler                   
00000d8d  PCM_IRQHandler                
00000d8d  PORT1_IRQHandler              
00000d8d  PORT2_IRQHandler              
00000d8d  PORT3_IRQHandler              
00000111  PORT4_IRQHandler              
00000111  PORT4_IRQHandler              
00000137  PORT5_IRQHandler              
00000137  PORT5_IRQHandler              
00000d8d  PORT6_IRQHandler              
00000d8d  PSS_IRQHandler                
00000d8d  PendSV_Handler                
00000d8d  RTC_C_IRQHandler              
00000d81  Reset_Handler                 
00000d8d  SVC_Handler                   
00000d8d  SysTick_Handler               
2000001c  SystemCoreClock               
000004dd  SystemCoreClockUpdate         
00000755  SystemInit                    
00000d8d  T32_INT1_IRQHandler           
00000d8d  T32_INT2_IRQHandler           
00000d8d  T32_INTC_IRQHandler           
00000d8d  TA0_0_IRQHandler              
00000d8d  TA0_N_IRQHandler              
00000d8d  TA1_0_IRQHandler              
00000d8d  TA1_N_IRQHandler              
00000d8d  TA2_0_IRQHandler              
00000d8d  TA2_N_IRQHandler              
00000d8d  TA3_0_IRQHandler              
00000d8d  TA3_N_IRQHandler              
00000d8d  UsageFault_Handler            
4000480c  WDTCTL_SYM                    
00000d8d  WDT_A_IRQHandler              
20010000  __STACK_END                   
00000200  __STACK_SIZE                  
00000db8  __TI_CINIT_Base               
00000dc8  __TI_CINIT_Limit              
00000d98  __TI_Handler_Table_Base       
00000da4  __TI_Handler_Table_Limit      
00000ce5  __TI_auto_init_nobinit_nopinit
00000bd9  __TI_decompress_lzss          
00000d73  __TI_decompress_none          
ffffffff  __TI_pprof_out_hndl           
ffffffff  __TI_prof_data_size           
ffffffff  __TI_prof_data_start          
00000000  __TI_static_base__            
00000d61  __TI_zero_init_nomemset       
00000b3d  __aeabi_memcpy                
00000b3d  __aeabi_memcpy4               
00000b3d  __aeabi_memcpy8               
ffffffff  __binit__                     
ffffffff  __c_args__                    
UNDEFED   __mpu_init                    
2000fe00  __stack                       
00000d29  _c_int00_noargs               
UNDEFED   _system_post_cinit            
00000d8f  _system_pre_init              
00000d93  abort                         
ffffffff  binit                         
00000000  interruptVectors              
20000010  left_power                    
00000199  main                          
00000b3d  memcpy                        
20000014  right_power                   
00000a9d  setBackwards                  
00000aa9  setBackwards_1                
00000ab9  setBackwards_2                
00000953  setBothPower                  
00000975  setBothPower_1                
000008f5  setBothSpeed                  
00000907  setBothSpeed_1                
00000a6d  setForwards                   
00000a79  setForwards_1                 
00000a89  setForwards_2                 
00000a37  setLeftBackwards              
00000a3f  setLeftBackwards_1            
000009cd  setLeftClockwise              
000009d9  setLeftClockwise_1            
000009e3  setLeftCounterclockwise       
000009ef  setLeftCounterclockwise_1     
00000a25  setLeftForwards               
00000a2d  setLeftForwards_1             
0000091b  setLeftPower                  
000008d1  setLeftSpeed                  
00000a5b  setRightBackwards             
00000a63  setRightBackwards_1           
000009f9  setRightClockwise             
00000a05  setRightClockwise_1           
00000a0f  setRightCounterclockwise      
00000a1b  setRightCounterclockwise_1    
00000a49  setRightForwards              
00000a51  setRightForwards_1            
00000937  setRightPower                 
000008e3  setRightSpeed                 
00000ac5  setRotateLeft                 
00000ad1  setRotateRight                
00000c41  setup_bumpsensors             
00000811  setup_encoders                
00000849  setup_motors                  
000009c1  stopBoth                      
000009ad  stopLeft                      
000009b7  stopRight                     
00000c95  systick_initialize            
00000cb1  systick_wait                  


GLOBAL SYMBOLS: SORTED BY Symbol Address 

address   name                          
-------   ----                          
00000000  __TI_static_base__            
00000000  interruptVectors              
00000111  PORT4_IRQHandler              
00000111  PORT4_IRQHandler              
00000137  PORT5_IRQHandler              
00000137  PORT5_IRQHandler              
00000199  main                          
00000200  __STACK_SIZE                  
000004dd  SystemCoreClockUpdate         
00000755  SystemInit                    
00000811  setup_encoders                
00000849  setup_motors                  
000008d1  setLeftSpeed                  
000008e3  setRightSpeed                 
000008f5  setBothSpeed                  
00000907  setBothSpeed_1                
0000091b  setLeftPower                  
00000937  setRightPower                 
00000953  setBothPower                  
00000975  setBothPower_1                
000009ad  stopLeft                      
000009b7  stopRight                     
000009c1  stopBoth                      
000009cd  setLeftClockwise              
000009d9  setLeftClockwise_1            
000009e3  setLeftCounterclockwise       
000009ef  setLeftCounterclockwise_1     
000009f9  setRightClockwise             
00000a05  setRightClockwise_1           
00000a0f  setRightCounterclockwise      
00000a1b  setRightCounterclockwise_1    
00000a25  setLeftForwards               
00000a2d  setLeftForwards_1             
00000a37  setLeftBackwards              
00000a3f  setLeftBackwards_1            
00000a49  setRightForwards              
00000a51  setRightForwards_1            
00000a5b  setRightBackwards             
00000a63  setRightBackwards_1           
00000a6d  setForwards                   
00000a79  setForwards_1                 
00000a89  setForwards_2                 
00000a9d  setBackwards                  
00000aa9  setBackwards_1                
00000ab9  setBackwards_2                
00000ac5  setRotateLeft                 
00000ad1  setRotateRight                
00000b3d  __aeabi_memcpy                
00000b3d  __aeabi_memcpy4               
00000b3d  __aeabi_memcpy8               
00000b3d  memcpy                        
00000bd9  __TI_decompress_lzss          
00000c41  setup_bumpsensors             
00000c95  systick_initialize            
00000cb1  systick_wait                  
00000ce5  __TI_auto_init_nobinit_nopinit
00000d29  _c_int00_noargs               
00000d61  __TI_zero_init_nomemset       
00000d73  __TI_decompress_none          
00000d81  Reset_Handler                 
00000d8d  ADC14_IRQHandler              
00000d8d  AES256_IRQHandler             
00000d8d  BusFault_Handler              
00000d8d  COMP_E0_IRQHandler            
00000d8d  COMP_E1_IRQHandler            
00000d8d  CS_IRQHandler                 
00000d8d  DMA_ERR_IRQHandler            
00000d8d  DMA_INT0_IRQHandler           
00000d8d  DMA_INT1_IRQHandler           
00000d8d  DMA_INT2_IRQHandler           
00000d8d  DMA_INT3_IRQHandler           
00000d8d  DebugMon_Handler              
00000d8d  Default_Handler               
00000d8d  EUSCIA0_IRQHandler            
00000d8d  EUSCIA1_IRQHandler            
00000d8d  EUSCIA2_IRQHandler            
00000d8d  EUSCIA3_IRQHandler            
00000d8d  EUSCIB0_IRQHandler            
00000d8d  EUSCIB1_IRQHandler            
00000d8d  EUSCIB2_IRQHandler            
00000d8d  EUSCIB3_IRQHandler            
00000d8d  FLCTL_IRQHandler              
00000d8d  FPU_IRQHandler                
00000d8d  HardFault_Handler             
00000d8d  MemManage_Handler             
00000d8d  NMI_Handler                   
00000d8d  PCM_IRQHandler                
00000d8d  PORT1_IRQHandler              
00000d8d  PORT2_IRQHandler              
00000d8d  PORT3_IRQHandler              
00000d8d  PORT6_IRQHandler              
00000d8d  PSS_IRQHandler                
00000d8d  PendSV_Handler                
00000d8d  RTC_C_IRQHandler              
00000d8d  SVC_Handler                   
00000d8d  SysTick_Handler               
00000d8d  T32_INT1_IRQHandler           
00000d8d  T32_INT2_IRQHandler           
00000d8d  T32_INTC_IRQHandler           
00000d8d  TA0_0_IRQHandler              
00000d8d  TA0_N_IRQHandler              
00000d8d  TA1_0_IRQHandler              
00000d8d  TA1_N_IRQHandler              
00000d8d  TA2_0_IRQHandler              
00000d8d  TA2_N_IRQHandler              
00000d8d  TA3_0_IRQHandler              
00000d8d  TA3_N_IRQHandler              
00000d8d  UsageFault_Handler            
00000d8d  WDT_A_IRQHandler              
00000d8f  _system_pre_init              
00000d93  C$$EXIT                       
00000d93  abort                         
00000d98  __TI_Handler_Table_Base       
00000da4  __TI_Handler_Table_Limit      
00000db8  __TI_CINIT_Base               
00000dc8  __TI_CINIT_Limit              
20000010  left_power                    
20000014  right_power                   
2000001c  SystemCoreClock               
2000fe00  __stack                       
20010000  __STACK_END                   
4000480c  WDTCTL_SYM                    
ffffffff  __TI_pprof_out_hndl           
ffffffff  __TI_prof_data_size           
ffffffff  __TI_prof_data_start          
ffffffff  __binit__                     
ffffffff  __c_args__                    
ffffffff  binit                         
UNDEFED   __mpu_init                    
UNDEFED   _system_post_cinit            

[130 symbols]
