******************************************************************************
                  TI ARM Linker Unix v18.1.4                   
******************************************************************************
>> Linked Tue Dec 11 09:52:34 2018

OUTPUT FILE NAME:   <ecen2440.out>
ENTRY POINT SYMBOL: "_c_int00_noargs"  address: 00000c41


MEMORY CONFIGURATION

         name            origin    length      used     unused   attr    fill
----------------------  --------  ---------  --------  --------  ----  --------
  MAIN                  00000000   00040000  00000cde  0003f322  R  X
  INFO                  00200000   00004000  00000000  00004000  R  X
  SRAM_CODE             01000000   00010000  00000280  0000fd80  RW X
  SRAM_DATA             20000000   00010000  00000280  0000fd80  RW  


SEGMENT ALLOCATION MAP

run origin  load origin   length   init length attrs members
----------  ----------- ---------- ----------- ----- -------
00000000    00000000    00000ce0   00000ce0    r-x
  00000000    00000000    000000e4   000000e4    r-- .intvecs
  000000e4    000000e4    00000bca   00000bca    r-x .text
  00000cb0    00000cb0    00000030   00000030    r-- .cinit
20000000    20000000    00000080   00000000    rw-
  20000000    20000000    00000078   00000000    rw- .bss
  20000078    20000078    00000008   00000000    rw- .data
2000fe00    2000fe00    00000200   00000000    rw-
  2000fe00    2000fe00    00000200   00000000    rw- .stack


SECTION ALLOCATION MAP

 output                                  attributes/
section   page    origin      length       input sections
--------  ----  ----------  ----------   ----------------
.intvecs   0    00000000    000000e4     
                  00000000    000000e4     startup_msp432p401r_ccs.obj (.intvecs:retain)

.text      0    000000e4    00000bca     
                  000000e4    00000334     system_msp432p401r.obj (.text)
                  00000418    0000032c     motors.obj (.text)
                  00000744    000001ac     main.obj (.text)
                  000008f0    00000164     linesensor.obj (.text)
                  00000a54    0000009c     rtsv7M4_T_le_v4SPD16_eabi.lib : memcpy_t2.asm.obj (.text)
                  00000af0    00000068                                   : copy_decompress_lzss.c.obj (.text:decompress:lzss:__TI_decompress_lzss)
                  00000b58    00000054     bumps.obj (.text)
                  00000bac    00000050     timing.obj (.text)
                  00000bfc    00000044     rtsv7M4_T_le_v4SPD16_eabi.lib : autoinit.c.obj (.text:__TI_auto_init_nobinit_nopinit:__TI_auto_init_nobinit_nopinit)
                  00000c40    00000038                                   : boot_cortex_m.c.obj (.text:_c_int00_noargs:_c_int00_noargs)
                  00000c78    00000012                                   : copy_zero_init.c.obj (.text:decompress:ZI:__TI_zero_init_nomemset:__TI_zero_init_nomemset)
                  00000c8a    0000000e                                   : copy_decompress_none.c.obj (.text:decompress:none:__TI_decompress_none)
                  00000c98    0000000e     startup_msp432p401r_ccs.obj (.text)
                  00000ca6    00000004     rtsv7M4_T_le_v4SPD16_eabi.lib : pre_init.c.obj (.text:_system_pre_init)
                  00000caa    00000004                                   : exit.c.obj (.text:abort:abort)

.cinit     0    00000cb0    00000030     
                  00000cb0    0000000c     (__TI_handler_table)
                  00000cbc    0000000b     (.cinit..data.load) [load image, compression = lzss]
                  00000cc7    00000001     --HOLE-- [fill = 0]
                  00000cc8    00000008     (.cinit..bss.load) [load image, compression = zero_init]
                  00000cd0    00000010     (__TI_cinit_table)

.init_array 
*          0    00000000    00000000     UNINITIALIZED

.binit     0    00000000    00000000     

.bss       0    20000000    00000078     UNINITIALIZED
                  20000000    00000020     linesensor.obj (.bss:CB)
                  20000020    00000020     linesensor.obj (.bss:LS)
                  20000040    00000020     main.obj (.bss:LS)
                  20000060    00000008     main.obj (.bss)
                  20000068    00000008     motors.obj (.bss)
                  20000070    00000004     (.common:left_power)
                  20000074    00000004     (.common:right_power)

.data      0    20000078    00000008     UNINITIALIZED
                  20000078    00000004     main.obj (.data)
                  2000007c    00000004     system_msp432p401r.obj (.data)

.stack     0    2000fe00    00000200     UNINITIALIZED
                  2000fe00    00000004     rtsv7M4_T_le_v4SPD16_eabi.lib : boot_cortex_m.c.obj (.stack)
                  2000fe04    000001fc     --HOLE--

MODULE SUMMARY

       Module                        code   ro data   rw data
       ------                        ----   -------   -------
    ./
       motors.obj                    812    0         16     
       system_msp432p401r.obj        820    0         8      
       main.obj                      428    0         104    
       linesensor.obj                356    0         128    
       startup_msp432p401r_ccs.obj   14     228       0      
       bumps.obj                     84     0         0      
       timing.obj                    80     0         0      
    +--+-----------------------------+------+---------+---------+
       Total:                        2594   228       256    
                                                             
    /Applications/ti/ccsv8/tools/compiler/ti-cgt-arm_18.1.4.LTS/lib/rtsv7M4_T_le_v4SPD16_eabi.lib
       memcpy_t2.asm.obj             156    0         0      
       copy_decompress_lzss.c.obj    104    0         0      
       autoinit.c.obj                68     0         0      
       boot_cortex_m.c.obj           56     0         0      
       copy_zero_init.c.obj          18     0         0      
       copy_decompress_none.c.obj    14     0         0      
       exit.c.obj                    4      0         0      
       pre_init.c.obj                4      0         0      
    +--+-----------------------------+------+---------+---------+
       Total:                        424    0         0      
                                                             
       Stack:                        0      0         1024   
       Linker Generated:             0      47        0      
    +--+-----------------------------+------+---------+---------+
       Grand Total:                  3018   275       1280   


LINKER GENERATED COPY TABLES

__TI_cinit_table @ 00000cd0 records: 2, size/record: 8, table size: 16
	.data: load addr=00000cbc, load size=0000000b bytes, run addr=20000078, run size=00000008 bytes, compression=lzss
	.bss: load addr=00000cc8, load size=00000008 bytes, run addr=20000000, run size=00000078 bytes, compression=zero_init


LINKER GENERATED HANDLER TABLE

__TI_handler_table @ 00000cb0 records: 3, size/record: 4, table size: 12
	index: 0, handler: __TI_decompress_lzss
	index: 1, handler: __TI_decompress_none
	index: 2, handler: __TI_zero_init


GLOBAL SYMBOLS: SORTED ALPHABETICALLY BY Name 

address   name                          
-------   ----                          
00000ca5  ADC14_IRQHandler              
00000ca5  AES256_IRQHandler             
00000ca5  BusFault_Handler              
00000cab  C$$EXIT                       
00000ca5  COMP_E0_IRQHandler            
00000ca5  COMP_E1_IRQHandler            
00000ca5  CS_IRQHandler                 
00000ca5  DMA_ERR_IRQHandler            
00000ca5  DMA_INT0_IRQHandler           
00000ca5  DMA_INT1_IRQHandler           
00000ca5  DMA_INT2_IRQHandler           
00000ca5  DMA_INT3_IRQHandler           
00000ca5  DebugMon_Handler              
00000ca5  Default_Handler               
00000ca5  EUSCIA0_IRQHandler            
00000ca5  EUSCIA1_IRQHandler            
00000ca5  EUSCIA2_IRQHandler            
00000ca5  EUSCIA3_IRQHandler            
00000ca5  EUSCIB0_IRQHandler            
00000ca5  EUSCIB1_IRQHandler            
00000ca5  EUSCIB2_IRQHandler            
00000ca5  EUSCIB3_IRQHandler            
00000ca5  FLCTL_IRQHandler              
00000ca5  FPU_IRQHandler                
00000ca5  HardFault_Handler             
00000949  IRLEDoff                      
0000093d  IRLEDon                       
00000ca5  MemManage_Handler             
00000ca5  NMI_Handler                   
00000ca5  PCM_IRQHandler                
00000ca5  PORT1_IRQHandler              
00000ca5  PORT2_IRQHandler              
00000ca5  PORT3_IRQHandler              
00000771  PORT4_IRQHandler              
00000771  PORT4_IRQHandler              
00000797  PORT5_IRQHandler              
00000797  PORT5_IRQHandler              
00000ca5  PORT6_IRQHandler              
00000ca5  PSS_IRQHandler                
00000ca5  PendSV_Handler                
00000ca5  RTC_C_IRQHandler              
00000c99  Reset_Handler                 
00000ca5  SVC_Handler                   
00000ca5  SysTick_Handler               
2000007c  SystemCoreClock               
000000e5  SystemCoreClockUpdate         
0000035d  SystemInit                    
00000ca5  T32_INT1_IRQHandler           
00000ca5  T32_INT2_IRQHandler           
00000ca5  T32_INTC_IRQHandler           
00000ca5  TA0_0_IRQHandler              
00000ca5  TA0_N_IRQHandler              
00000ca5  TA1_0_IRQHandler              
00000ca5  TA1_N_IRQHandler              
00000ca5  TA2_0_IRQHandler              
00000ca5  TA2_N_IRQHandler              
00000ca5  TA3_0_IRQHandler              
00000ca5  TA3_N_IRQHandler              
00000ca5  UsageFault_Handler            
4000480c  WDTCTL_SYM                    
00000ca5  WDT_A_IRQHandler              
20010000  __STACK_END                   
00000200  __STACK_SIZE                  
00000cd0  __TI_CINIT_Base               
00000ce0  __TI_CINIT_Limit              
00000cb0  __TI_Handler_Table_Base       
00000cbc  __TI_Handler_Table_Limit      
00000bfd  __TI_auto_init_nobinit_nopinit
00000af1  __TI_decompress_lzss          
00000c8b  __TI_decompress_none          
ffffffff  __TI_pprof_out_hndl           
ffffffff  __TI_prof_data_size           
ffffffff  __TI_prof_data_start          
00000000  __TI_static_base__            
00000c79  __TI_zero_init_nomemset       
00000a55  __aeabi_memcpy                
00000a55  __aeabi_memcpy4               
00000a55  __aeabi_memcpy8               
ffffffff  __binit__                     
ffffffff  __c_args__                    
UNDEFED   __mpu_init                    
2000fe00  __stack                       
00000c41  _c_int00_noargs               
UNDEFED   _system_post_cinit            
00000ca7  _system_pre_init              
00000cab  abort                         
ffffffff  binit                         
00000955  calibrate_linesensors         
00000000  interruptVectors              
20000070  left_power                    
000007e1  main                          
00000a55  memcpy                        
000009b5  read_linesensors              
20000074  right_power                   
000006a5  setBackwards                  
000006b1  setBackwards_1                
000006c1  setBackwards_2                
0000055b  setBothPower                  
0000057d  setBothPower_1                
000004fd  setBothSpeed                  
0000050f  setBothSpeed_1                
00000675  setForwards                   
00000681  setForwards_1                 
00000691  setForwards_2                 
0000063f  setLeftBackwards              
00000647  setLeftBackwards_1            
000005d5  setLeftClockwise              
000005e1  setLeftClockwise_1            
000005eb  setLeftCounterclockwise       
000005f7  setLeftCounterclockwise_1     
0000062d  setLeftForwards               
00000635  setLeftForwards_1             
00000523  setLeftPower                  
000004d9  setLeftSpeed                  
00000663  setRightBackwards             
0000066b  setRightBackwards_1           
00000601  setRightClockwise             
0000060d  setRightClockwise_1           
00000617  setRightCounterclockwise      
00000623  setRightCounterclockwise_1    
00000651  setRightForwards              
00000659  setRightForwards_1            
0000053f  setRightPower                 
000004eb  setRightSpeed                 
000006cd  setRotateLeft                 
000006d9  setRotateRight                
00000b59  setup_bumpsensors             
00000419  setup_encoders                
000008f1  setup_linesensors             
00000451  setup_motors                  
000005c9  stopBoth                      
000005b5  stopLeft                      
000005bf  stopRight                     
00000bad  systick_initialize            
00000bc9  systick_wait                  


GLOBAL SYMBOLS: SORTED BY Symbol Address 

address   name                          
-------   ----                          
00000000  __TI_static_base__            
00000000  interruptVectors              
000000e5  SystemCoreClockUpdate         
00000200  __STACK_SIZE                  
0000035d  SystemInit                    
00000419  setup_encoders                
00000451  setup_motors                  
000004d9  setLeftSpeed                  
000004eb  setRightSpeed                 
000004fd  setBothSpeed                  
0000050f  setBothSpeed_1                
00000523  setLeftPower                  
0000053f  setRightPower                 
0000055b  setBothPower                  
0000057d  setBothPower_1                
000005b5  stopLeft                      
000005bf  stopRight                     
000005c9  stopBoth                      
000005d5  setLeftClockwise              
000005e1  setLeftClockwise_1            
000005eb  setLeftCounterclockwise       
000005f7  setLeftCounterclockwise_1     
00000601  setRightClockwise             
0000060d  setRightClockwise_1           
00000617  setRightCounterclockwise      
00000623  setRightCounterclockwise_1    
0000062d  setLeftForwards               
00000635  setLeftForwards_1             
0000063f  setLeftBackwards              
00000647  setLeftBackwards_1            
00000651  setRightForwards              
00000659  setRightForwards_1            
00000663  setRightBackwards             
0000066b  setRightBackwards_1           
00000675  setForwards                   
00000681  setForwards_1                 
00000691  setForwards_2                 
000006a5  setBackwards                  
000006b1  setBackwards_1                
000006c1  setBackwards_2                
000006cd  setRotateLeft                 
000006d9  setRotateRight                
00000771  PORT4_IRQHandler              
00000771  PORT4_IRQHandler              
00000797  PORT5_IRQHandler              
00000797  PORT5_IRQHandler              
000007e1  main                          
000008f1  setup_linesensors             
0000093d  IRLEDon                       
00000949  IRLEDoff                      
00000955  calibrate_linesensors         
000009b5  read_linesensors              
00000a55  __aeabi_memcpy                
00000a55  __aeabi_memcpy4               
00000a55  __aeabi_memcpy8               
00000a55  memcpy                        
00000af1  __TI_decompress_lzss          
00000b59  setup_bumpsensors             
00000bad  systick_initialize            
00000bc9  systick_wait                  
00000bfd  __TI_auto_init_nobinit_nopinit
00000c41  _c_int00_noargs               
00000c79  __TI_zero_init_nomemset       
00000c8b  __TI_decompress_none          
00000c99  Reset_Handler                 
00000ca5  ADC14_IRQHandler              
00000ca5  AES256_IRQHandler             
00000ca5  BusFault_Handler              
00000ca5  COMP_E0_IRQHandler            
00000ca5  COMP_E1_IRQHandler            
00000ca5  CS_IRQHandler                 
00000ca5  DMA_ERR_IRQHandler            
00000ca5  DMA_INT0_IRQHandler           
00000ca5  DMA_INT1_IRQHandler           
00000ca5  DMA_INT2_IRQHandler           
00000ca5  DMA_INT3_IRQHandler           
00000ca5  DebugMon_Handler              
00000ca5  Default_Handler               
00000ca5  EUSCIA0_IRQHandler            
00000ca5  EUSCIA1_IRQHandler            
00000ca5  EUSCIA2_IRQHandler            
00000ca5  EUSCIA3_IRQHandler            
00000ca5  EUSCIB0_IRQHandler            
00000ca5  EUSCIB1_IRQHandler            
00000ca5  EUSCIB2_IRQHandler            
00000ca5  EUSCIB3_IRQHandler            
00000ca5  FLCTL_IRQHandler              
00000ca5  FPU_IRQHandler                
00000ca5  HardFault_Handler             
00000ca5  MemManage_Handler             
00000ca5  NMI_Handler                   
00000ca5  PCM_IRQHandler                
00000ca5  PORT1_IRQHandler              
00000ca5  PORT2_IRQHandler              
00000ca5  PORT3_IRQHandler              
00000ca5  PORT6_IRQHandler              
00000ca5  PSS_IRQHandler                
00000ca5  PendSV_Handler                
00000ca5  RTC_C_IRQHandler              
00000ca5  SVC_Handler                   
00000ca5  SysTick_Handler               
00000ca5  T32_INT1_IRQHandler           
00000ca5  T32_INT2_IRQHandler           
00000ca5  T32_INTC_IRQHandler           
00000ca5  TA0_0_IRQHandler              
00000ca5  TA0_N_IRQHandler              
00000ca5  TA1_0_IRQHandler              
00000ca5  TA1_N_IRQHandler              
00000ca5  TA2_0_IRQHandler              
00000ca5  TA2_N_IRQHandler              
00000ca5  TA3_0_IRQHandler              
00000ca5  TA3_N_IRQHandler              
00000ca5  UsageFault_Handler            
00000ca5  WDT_A_IRQHandler              
00000ca7  _system_pre_init              
00000cab  C$$EXIT                       
00000cab  abort                         
00000cb0  __TI_Handler_Table_Base       
00000cbc  __TI_Handler_Table_Limit      
00000cd0  __TI_CINIT_Base               
00000ce0  __TI_CINIT_Limit              
20000070  left_power                    
20000074  right_power                   
2000007c  SystemCoreClock               
2000fe00  __stack                       
20010000  __STACK_END                   
4000480c  WDTCTL_SYM                    
ffffffff  __TI_pprof_out_hndl           
ffffffff  __TI_prof_data_size           
ffffffff  __TI_prof_data_start          
ffffffff  __binit__                     
ffffffff  __c_args__                    
ffffffff  binit                         
UNDEFED   __mpu_init                    
UNDEFED   _system_post_cinit            

[135 symbols]
